// Jest Snapshot v1, https://goo.gl/fbAQLP

exports[`checkbox renders correctly should match snapshot 1`] = `
<DocumentFragment>
  <div
    class="MuiFormControl-root MuiTextField-root"
  >
    <div
      class="MuiInputBase-root MuiInput-root makeStyles-root-2 MuiInput-underline makeStyles-underline-1 MuiInputBase-formControl MuiInput-formControl"
    >
      <input
        aria-invalid="false"
        class="MuiInputBase-input MuiInput-input makeStyles-input-3"
        placeholder="sachin"
        type="text"
        value=""
      />
    </div>
  </div>
</DocumentFragment>
`;
